218.19.124.122 - - [19/Aug/2005:01:59:45 -0400] "GET /~s6zhang/jeancarlos.wmv HTTP/1.1" 206 16384
69.199.168.93 - - [19/Aug/2005:02:00:08 -0400] "GET /templates/images/C_inactive_AAA.gif HTTP/1.1" 301 369
69.199.168.93 - - [19/Aug/2005:02:00:08 -0400] "GET /templates/images/shim.gif HTTP/1.1" 301 359
69.199.168.93 - - [19/Aug/2005:02:00:10 -0400] "GET /templates/images/C_inactive_AAA.gif HTTP/1.1" 301 369
69.199.168.93 - - [19/Aug/2005:02:00:10 -0400] "GET /templates/images/shim.gif HTTP/1.1" 301 359
218.19.124.122 - - [19/Aug/2005:02:00:13 -0400] "GET /~s6zhang/jeancarlos.wmv HTTP/1.1" 206 122880
221.204.125.94 - - [19/Aug/2005:02:00:16 -0400] "GET /~s6zhang/jeancarlos.wmv HTTP/1.1" 206 16384
59.95.1.17 - - [19/Aug/2005:02:00:18 -0400] "GET /~mli/466-lect1.ps HTTP/1.1" 403 907
221.204.125.94 - - [19/Aug/2005:02:00:29 -0400] "GET /~s6zhang/jeancarlos.wmv HTTP/1.1" 206 16384
64.241.242.18 - - [19/Aug/2005:02:00:34 -0400] "GET /~bmlushma/prevcourse.html HTTP/1.0" 200 4459
66.249.65.67 - - [19/Aug/2005:02:00:34 -0400] "GET /images/george.jpg HTTP/1.1" 200 8156
64.241.242.18 - - [19/Aug/2005:02:00:39 -0400] "GET /~bmlushma/prevcourse.html HTTP/1.0" 200 4459
141.153.45.100 - - [19/Aug/2005:02:00:41 -0400] "GET /~mjhinek/pics/jokes/illusion.jpg HTTP/1.1" 200 32768
64.241.242.18 - - [19/Aug/2005:02:00:44 -0400] "GET /~bmlushma/prevcourse.html HTTP/1.0" 200 4459
66.249.65.67 - - [19/Aug/2005:02:00:52 -0400] "GET /~fmavaddat/album/Pictures/fzfd1.jpg HTTP/1.1" 302 342
66.249.65.67 - - [19/Aug/2005:02:00:52 -0400] "GET /~klarson/images/Hawaii_May_2003/Big_Island/tn/img_0951.med.jpg HTTP/1.1" 200 23090
66.249.65.67 - - [19/Aug/2005:02:00:52 -0400] "GET /~fmavadda/album/Pictures/fzfd1.jpg HTTP/1.1" 403 1032
66.249.65.67 - - [19/Aug/2005:02:01:02 -0400] "GET /~hzarrabi/albums/mahya2m/Mahya_007.sized.jpg HTTP/1.1" 200 55686
66.249.65.67 - - [19/Aug/2005:02:01:02 -0400] "GET /~rradoulov/images/img_tab_mid_ba.gif HTTP/1.1" 302 343
66.249.65.67 - - [19/Aug/2005:02:01:02 -0400] "GET /~rradoulo/images/img_tab_mid_ba.gif HTTP/1.1" 200 336
193.252.148.101 - - [19/Aug/2005:02:01:10 -0400] "GET /robots.txt HTTP/1.1" 200 176
65.54.188.147 - - [19/Aug/2005:02:01:14 -0400] "GET /cs-archive/CS-1997/ HTTP/1.0" 200 3039
66.249.64.66 - - [19/Aug/2005:02:01:14 -0400] "GET /undergrad/archives/handbook/2001/cDescr/CS113.html HTTP/1.0" 200 16462
68.142.250.17 - - [19/Aug/2005:02:01:16 -0400] "GET /~rkharal/temp_cgwin/ftp%253a%252f%252fmirrors.rcn.net%252fpub%252fsourceware%252fcygwin/release/libpng?S=A HTTP/1.0" 301 427
68.142.250.17 - - [19/Aug/2005:02:01:16 -0400] "GET /~rkharal/temp_cgwin/ftp%253a%252f%252fmirrors.rcn.net%252fpub%252fsourceware%252fcygwin/release/libpng/?S=A HTTP/1.0" 200 1556
193.252.148.101 - - [19/Aug/2005:02:01:26 -0400] "GET /csn/grad/gradHandbook/_notes/ HTTP/1.1" 200 762
66.249.64.77 - - [19/Aug/2005:02:01:41 -0400] "GET /research/ui.html HTTP/1.0" 200 7259
141.153.45.100 - - [19/Aug/2005:02:01:41 -0400] "GET /~mjhinek/pics/jokes/illusion.jpg HTTP/1.1" 206 3726
66.249.64.39 - - [19/Aug/2005:02:01:43 -0400] "GET /undergrad/archives/handbook/2001/cDescr/CS337.html HTTP/1.0" 200 16806
66.249.71.32 - - [19/Aug/2005:02:01:47 -0400] "GET /~kmregan/bib/tc/author-katzrh.html HTTP/1.0" 200 2170
68.142.250.177 - - [19/Aug/2005:02:01:54 -0400] "GET /~hzarrabi/gallery/Niagara/abi?full=1 HTTP/1.0" 200 15154
65.54.188.147 - - [19/Aug/2005:02:02:00 -0400] "GET /~jwwong HTTP/1.0" 301 328
65.54.188.147 - - [19/Aug/2005:02:02:13 -0400] "GET /~isg/TutorTa HTTP/1.0" 301 333
64.242.88.10 - - [19/Aug/2005:02:02:20 -0400] "GET /robots.txt HTTP/1.1" 301 350
66.249.64.10 - - [19/Aug/2005:02:02:24 -0400] "GET /undergrad/handbook/courses/cDescr/CS338.shtml HTTP/1.0" 200 24959
66.249.71.53 - - [19/Aug/2005:02:02:26 -0400] "GET /~amahmood/ HTTP/1.0" 200 560
66.249.64.52 - - [19/Aug/2005:02:02:30 -0400] "GET /~trlynam/ HTTP/1.0" 304 -
66.249.64.47 - - [19/Aug/2005:02:02:33 -0400] "GET /undergrad/handbook/courses/cDescr/CS251.shtml HTTP/1.0" 200 24767
66.249.64.52 - - [19/Aug/2005:02:02:52 -0400] "GET /~q6wang/ HTTP/1.0" 304 -
129.97.152.134 - - [19/Aug/2005:02:02:52 -0400] "GET /~odyssey/odyssey.jar HTTP/1.1" 200 532057
66.249.71.15 - - [19/Aug/2005:02:02:53 -0400] "GET /undergrad/handbook/courses/cDescr/CS124.shtml HTTP/1.0" 200 22026
66.249.64.15 - - [19/Aug/2005:02:02:53 -0400] "GET /undergrad/handbook/courses/cDescr/CS480.shtml HTTP/1.0" 200 24928
165.93.137.203 - - [19/Aug/2005:02:02:53 -0400] "GET / HTTP/1.1" 200 7094
202.155.89.123 - - [19/Aug/2005:02:02:57 -0400] "GET /templates/images/shim.gif HTTP/1.0" 301 347
202.155.89.123 - - [19/Aug/2005:02:02:57 -0400] "GET /templates/images/NoUseMenus2.gif HTTP/1.0" 301 354
141.153.45.100 - - [19/Aug/2005:02:03:00 -0400] "GET /~mjhinek/pics/jokes/illusion.jpg HTTP/1.1" 206 17864
202.155.89.123 - - [19/Aug/2005:02:03:08 -0400] "GET /undergrad/handbook/courses/list.shtml HTTP/1.0" 200 57871
66.249.71.53 - - [19/Aug/2005:02:03:11 -0400] "GET /~r5wang/ HTTP/1.0" 304 -
66.249.64.7 - - [19/Aug/2005:02:03:13 -0400] "GET /~mjsprigg/ HTTP/1.0" 304 -
66.249.64.47 - - [19/Aug/2005:02:03:17 -0400] "GET /~ctkierst HTTP/1.0" 301 330
69.199.168.93 - - [19/Aug/2005:02:03:21 -0400] "GET /templates/images/C_inactive_AAA.gif HTTP/1.1" 301 369
69.199.168.93 - - [19/Aug/2005:02:03:21 -0400] "GET /templates/images/shim.gif HTTP/1.1" 301 359
66.249.64.7 - - [19/Aug/2005:02:03:23 -0400] "GET /undergrad/handbook/courses/cDescr/CS462.shtml HTTP/1.0" 200 24668
66.249.65.67 - - [19/Aug/2005:02:03:33 -0400] "GET /~zqu/southON/P5190029_(1)_(1).JPG HTTP/1.1" 301 369
66.249.65.67 - - [19/Aug/2005:02:03:34 -0400] "GET /~zqu/southON/P5190029_(1)_(1).JPG HTTP/1.1" 302 341
66.249.65.67 - - [19/Aug/2005:02:03:34 -0400] "GET /snaps/small/clarke.jpg HTTP/1.1" 200 9306
66.249.65.67 - - [19/Aug/2005:02:03:34 -0400] "GET /~zqu/southON/P5190029_(1)_(1).JPG HTTP/1.1" 404 1030
202.155.89.123 - - [19/Aug/2005:02:03:38 -0400] "GET /templates/images/C_inactive_AAA.gif HTTP/1.0" 301 357
66.249.65.67 - - [19/Aug/2005:02:04:02 -0400] "GET /~zqu/morepic/irreversible.jpg HTTP/1.1" 301 365
66.249.65.67 - - [19/Aug/2005:02:04:02 -0400] "GET /~zqu/wk/flower%20-%20shinjukugyoen0003_1_(1).jpg HTTP/1.1" 301 384
66.249.65.67 - - [19/Aug/2005:02:04:03 -0400] "GET /~zqu/morepic/irreversible.jpg HTTP/1.1" 302 337
66.249.65.67 - - [19/Aug/2005:02:04:03 -0400] "GET /~zqu/wk/flower%20-%20shinjukugyoen0003_1_(1).jpg HTTP/1.1" 302 356
66.249.65.67 - - [19/Aug/2005:02:04:03 -0400] "GET /~zqu/morepic/irreversible.jpg HTTP/1.1" 404 1022
66.249.65.67 - - [19/Aug/2005:02:04:03 -0400] "GET /~zqu/wk/flower%20-%20shinjukugyoen0003_1_(1).jpg HTTP/1.1" 404 1060
66.249.65.67 - - [19/Aug/2005:02:04:10 -0400] "GET /~zqu/morepic/Oct0903_big.jpg HTTP/1.1" 301 364
66.249.65.67 - - [19/Aug/2005:02:04:10 -0400] "GET /~zqu/morepic/Oct0903_big.jpg HTTP/1.1" 302 336
66.249.65.67 - - [19/Aug/2005:02:04:10 -0400] "GET /~zqu/morepic/Oct0903_big.jpg HTTP/1.1" 404 1020
66.249.65.67 - - [19/Aug/2005:02:04:11 -0400] "GET /~hzarrabi/albums/meshkat-friends/friends_7.sized.jpg HTTP/1.1" 200 52966
68.142.250.18 - - [19/Aug/2005:02:04:11 -0400] "GET /~rkharal/temp_cgwin/ftp%253a%252f%252fmirrors.rcn.net%252fpub%252fsourceware%252fcygwin/release/gcc/gcc-g77?N=D HTTP/1.0" 301 432
66.249.65.67 - - [19/Aug/2005:02:04:11 -0400] "GET /~nday/Research/SeparationMinima/arwkeyl.gif HTTP/1.1" 200 265
68.142.250.18 - - [19/Aug/2005:02:04:11 -0400] "GET /~rkharal/temp_cgwin/ftp%253a%252f%252fmirrors.rcn.net%252fpub%252fsourceware%252fcygwin/release/gcc/gcc-g77/?N=D HTTP/1.0" 200 975
66.249.65.67 - - [19/Aug/2005:02:04:11 -0400] "GET /~klarson/images/Hawaii_May_2003/Big_Island/tn/img_0898.jpg HTTP/1.1" 200 15282
66.249.65.67 - - [19/Aug/2005:02:04:12 -0400] "GET /~camennie/Vacation/Rome/small/sm-cimg0130.jpg HTTP/1.1" 404 1054
141.153.45.100 - - [19/Aug/2005:02:04:17 -0400] "GET /~mjhinek/pics/jokes/illusion.jpg HTTP/1.1" 304 -
141.153.45.100 - - [19/Aug/2005:02:04:18 -0400] "GET /~mjhinek/pics/jokes/illusion.jpg HTTP/1.1" 304 -
66.249.65.67 - - [19/Aug/2005:02:04:19 -0400] "GET /~hzarrabi/albums/mahya1m/3_days.jpg HTTP/1.1" 200 149748
66.249.65.67 - - [19/Aug/2005:02:04:19 -0400] "GET /~l5xu/Album/res/actions/universal/last_disabled.gif HTTP/1.1" 200 427
66.249.65.67 - - [19/Aug/2005:02:04:21 -0400] "GET /~camennie/Vacation/VaticanCity/small/sm-cimg0264.jpg HTTP/1.1" 404 1068
66.249.65.67 - - [19/Aug/2005:02:04:21 -0400] "GET /~svhashemian/italy/res/previous_disabled.gif HTTP/1.1" 302 349
68.142.249.42 - - [19/Aug/2005:02:04:21 -0400] "GET /~mli/31 HTTP/1.0" 200 1659
66.249.65.67 - - [19/Aug/2005:02:04:22 -0400] "GET /~svhashem/italy/res/previous_disabled.gif HTTP/1.1" 200 150
170.148.96.104 - - [19/Aug/2005:02:04:26 -0400] "GET /~zqu/scuba4_(1).JPG HTTP/1.1" 301 355
38.118.73.250 - - [19/Aug/2005:02:04:31 -0400] "GET /~nday/Pres/tphols99/sld017.htm HTTP/1.0" 200 899
66.249.65.67 - - [19/Aug/2005:02:04:34 -0400] "GET /~zqu/paris/P1010124_(1).JPG HTTP/1.1" 301 363
66.249.65.67 - - [19/Aug/2005:02:04:34 -0400] "GET /~zqu/paris/P1010124_(1).JPG HTTP/1.1" 302 335
66.249.65.67 - - [19/Aug/2005:02:04:35 -0400] "GET /~klarson/images/Hawaii_May_2003/Napali_Coast/tn/img_0859.med.jpg HTTP/1.1" 200 70715
66.249.65.67 - - [19/Aug/2005:02:04:35 -0400] "GET /~zqu/paris/P1010124_(1).JPG HTTP/1.1" 404 1018
24.86.115.241 - - [19/Aug/2005:02:04:38 -0400] "GET /~mycheng/Folder HTTP/1.1" 301 348
24.86.115.241 - - [19/Aug/2005:02:04:38 -0400] "GET /~mycheng/Folder/ HTTP/1.1" 200 1106
24.86.115.241 - - [19/Aug/2005:02:04:38 -0400] "GET /icons/blank.gif HTTP/1.1" 304 -
24.86.115.241 - - [19/Aug/2005:02:04:38 -0400] "GET /icons/back.gif HTTP/1.1" 304 -
24.86.115.241 - - [19/Aug/2005:02:04:38 -0400] "GET /icons/compressed.gif HTTP/1.1" 304 -
68.142.251.135 - - [19/Aug/2005:02:04:51 -0400] "GET /undergrad/2006/programs/plans/bcs_bio.shtml HTTP/1.0" 404 917
65.54.188.147 - - [19/Aug/2005:02:05:05 -0400] "GET /~hzarrabi/gallery/home-view/Photo_028 HTTP/1.0" 200 15302
65.54.188.147 - - [19/Aug/2005:02:05:17 -0400] "GET /liaison/Institute2004/resources/WebHelp/LR_maze.txt HTTP/1.0" 200 47
68.144.247.126 - - [19/Aug/2005:02:05:18 -0400] "GET /~jorchard/cats/JUMP.JPG HTTP/1.1" 304 -
68.142.251.29 - - [19/Aug/2005:02:05:20 -0400] "GET /~yqin/db/mysql/src/mysql_execute_command HTTP/1.0" 404 914
69.199.12.223 - - [19/Aug/2005:02:05:22 -0400] "GET /undergrad/handbook/programs/plans/bcs_bio.shtml HTTP/1.1" 200 25546
69.199.12.223 - - [19/Aug/2005:02:05:22 -0400] "GET /undergrad/resources/handbook.css HTTP/1.1" 200 1739
69.199.12.223 - - [19/Aug/2005:02:05:22 -0400] "GET /templates/CSSfiles/navstyle.css HTTP/1.1" 200 4774
69.199.12.223 - - [19/Aug/2005:02:05:22 -0400] "GET /templates/CSSfiles/MathNav.css HTTP/1.1" 200 3451
69.199.12.223 - - [19/Aug/2005:02:05:22 -0400] "GET /templates/CSSfiles/MathSubsite.css HTTP/1.1" 200 1646
69.199.12.223 - - [19/Aug/2005:02:05:22 -0400] "GET /templates/CSSfiles/GradNav.css HTTP/1.1" 200 1649
69.199.12.223 - - [19/Aug/2005:02:05:22 -0400] "GET /templates/CSSfiles/ProspNav.css HTTP/1.1" 200 1269
69.199.12.223 - - [19/Aug/2005:02:05:22 -0400] "GET /templates/CSSfiles/CSNav.css HTTP/1.1" 200 1863
69.199.12.223 - - [19/Aug/2005:02:05:22 -0400] "GET /templates/JSfiles/MathHeadScripts.js HTTP/1.1" 200 2923
69.199.12.223 - - [19/Aug/2005:02:05:22 -0400] "GET /undergrad/resources/redarrowN.gif HTTP/1.1" 200 829
69.199.12.223 - - [19/Aug/2005:02:05:22 -0400] "GET /undergrad/resources/redarrow2N.gif HTTP/1.1" 200 834
69.199.12.223 - - [19/Aug/2005:02:05:22 -0400] "GET /csImages/cornerpic.jpg HTTP/1.1" 200 2618
69.199.12.223 - - [19/Aug/2005:02:05:22 -0400] "GET /templates/images/C_inactive_AAA.gif HTTP/1.1" 301 369
69.199.12.223 - - [19/Aug/2005:02:05:22 -0400] "GET /csImages/top_A_norm.jpg HTTP/1.1" 200 423
69.199.12.223 - - [19/Aug/2005:02:05:22 -0400] "GET /csImages/top_B_norm.jpg HTTP/1.1" 200 2780
69.199.12.223 - - [19/Aug/2005:02:05:22 -0400] "GET /csImages/top_C_norm.jpg HTTP/1.1" 200 3551
69.199.12.223 - - [19/Aug/2005:02:05:22 -0400] "GET /templates/images/shim.gif HTTP/1.1" 301 359
69.199.12.223 - - [19/Aug/2005:02:05:22 -0400] "GET /templates/images/NoUseMenus2.gif HTTP/1.1" 301 366
69.199.12.223 - - [19/Aug/2005:02:05:22 -0400] "GET /csImages/cs_L_norm.jpg HTTP/1.1" 200 2840
69.199.12.223 - - [19/Aug/2005:02:05:22 -0400] "GET /csImages/cs_M_norm.jpg HTTP/1.1" 200 2167
69.199.12.223 - - [19/Aug/2005:02:05:22 -0400] "GET /csImages/cs_N_norm.jpg HTTP/1.1" 200 1638
69.199.12.223 - - [19/Aug/2005:02:05:22 -0400] "GET /csImages/cs_O_norm.jpg HTTP/1.1" 200 1855
69.165.192.139 - - [19/Aug/2005:02:05:24 -0400] "GET /~mjhinek/pics/jokes/illusion.jpg HTTP/1.1" 200 47269
60.225.83.116 - - [19/Aug/2005:02:05:25 -0400] "GET /~tmchan/ HTTP/1.1" 200 3616
60.225.83.116 - - [19/Aug/2005:02:05:26 -0400] "GET /~tmchan/timothy.jpg HTTP/1.1" 200 10733
60.225.83.116 - - [19/Aug/2005:02:05:27 -0400] "GET /favicon.ico HTTP/1.1" 200 2526
69.199.12.223 - - [19/Aug/2005:02:05:31 -0400] "GET /undergrad/handbook/programs/index.shtml HTTP/1.1" 200 19823
69.199.12.223 - - [19/Aug/2005:02:05:31 -0400] "GET /templates/images/C_inactive_AAA.gif HTTP/1.1" 301 369
69.199.12.223 - - [19/Aug/2005:02:05:31 -0400] "GET /templates/images/shim.gif HTTP/1.1" 301 359
69.199.12.223 - - [19/Aug/2005:02:05:31 -0400] "GET /templates/images/NoUseMenus2.gif HTTP/1.1" 301 366
68.142.249.209 - - [19/Aug/2005:02:05:32 -0400] "GET /~ctucker/opal.html HTTP/1.0" 200 802
60.2.90.70 - - [19/Aug/2005:02:05:33 -0400] "GET /~s6zhang/jeancarlos.wmv HTTP/1.1" 206 57344
141.153.45.100 - - [19/Aug/2005:02:05:33 -0400] "GET /~mjhinek/pics/jokes/illusion.jpg HTTP/1.1" 304 -
65.54.188.147 - - [19/Aug/2005:02:05:34 -0400] "GET /liaison/Institute2004/resources/WebHelp/LR_maze2.txt HTTP/1.0" 200 137
69.199.12.223 - - [19/Aug/2005:02:05:34 -0400] "GET /csImages/cs_L_high.jpg HTTP/1.1" 200 2796
60.2.90.70 - - [19/Aug/2005:02:05:37 -0400] "GET /~s6zhang/jeancarlos.wmv HTTP/1.1" 206 49152
69.199.12.223 - - [19/Aug/2005:02:05:38 -0400] "GET /csImages/cs_M_high.jpg HTTP/1.1" 200 2145
141.153.45.100 - - [19/Aug/2005:02:05:39 -0400] "GET /~mjhinek/pics/jokes/illusion.jpg HTTP/1.1" 304 -
65.54.188.147 - - [19/Aug/2005:02:05:40 -0400] "GET /liaison/Institute2004/resources/WebHelp/LR_maze3.txt HTTP/1.0" 200 47
69.199.12.223 - - [19/Aug/2005:02:05:41 -0400] "GET /grad/newGradHB/Scholarships/Scholarships.html HTTP/1.1" 200 18532
69.199.12.223 - - [19/Aug/2005:02:05:41 -0400] "GET /templates/images/C_inactive_AAA.gif HTTP/1.1" 301 369
69.199.12.223 - - [19/Aug/2005:02:05:41 -0400] "GET /templates/images/shim.gif HTTP/1.1" 301 359
69.199.12.223 - - [19/Aug/2005:02:05:41 -0400] "GET /templates/images/NoUseMenus2.gif HTTP/1.1" 301 366
69.199.12.223 - - [19/Aug/2005:02:05:41 -0400] "GET /csImages/csSide_A_norm.jpg HTTP/1.1" 200 1482
69.199.12.223 - - [19/Aug/2005:02:05:41 -0400] "GET /csImages/csSide_B_norm.jpg HTTP/1.1" 200 953
69.199.12.223 - - [19/Aug/2005:02:05:41 -0400] "GET /csImages/csSide_C_norm.jpg HTTP/1.1" 200 967
69.199.12.223 - - [19/Aug/2005:02:05:41 -0400] "GET /csImages/csSide_D_norm.jpg HTTP/1.1" 200 1356
69.199.12.223 - - [19/Aug/2005:02:05:43 -0400] "GET /grad/newGradHB/Scholarships/news.html HTTP/1.1" 200 23336
69.199.12.223 - - [19/Aug/2005:02:05:43 -0400] "GET /templates/images/C_inactive_AAA.gif HTTP/1.1" 301 369
69.199.12.223 - - [19/Aug/2005:02:05:43 -0400] "GET /templates/images/shim.gif HTTP/1.1" 301 359
69.199.12.223 - - [19/Aug/2005:02:05:43 -0400] "GET /templates/images/NoUseMenus2.gif HTTP/1.1" 301 366
65.54.188.147 - - [19/Aug/2005:02:05:46 -0400] "GET /liaison/Institute2004/resources/WebHelp/LR_recursion_towers_of_hanoi_lesson_plan.wpd HTTP/1.0" 200 3485
60.2.90.70 - - [19/Aug/2005:02:05:46 -0400] "GET /~s6zhang/jeancarlos.wmv HTTP/1.1" 206 16384
60.2.90.70 - - [19/Aug/2005:02:05:47 -0400] "GET /~s6zhang/jeancarlos.wmv HTTP/1.1" 206 16384
60.2.90.70 - - [19/Aug/2005:02:05:50 -0400] "GET /~s6zhang/jeancarlos.wmv HTTP/1.1" 206 16384
60.2.90.70 - - [19/Aug/2005:02:05:50 -0400] "GET /~s6zhang/jeancarlos.wmv HTTP/1.1" 206 16384
60.225.83.116 - - [19/Aug/2005:02:05:50 -0400] "GET /~tmchan/pub.html HTTP/1.1" 200 54791
220.80.53.216 - - [19/Aug/2005:02:05:52 -0400] "GET /~jorchard/aerial/ottawa.jpg HTTP/1.1" 200 522631
68.142.249.125 - - [19/Aug/2005:02:05:56 -0400] "GET /~rkharal/temp_cgwin/ftp%253a%252f%252fmirrors.rcn.net%252fpub%252fsourceware%252fcygwin/release/guile/libguile12/libguile12-1.6.4-12.tar.bz2 HTTP/1.0" 200 493050
69.199.12.223 - - [19/Aug/2005:02:06:02 -0400] "GET /undergrad/awards HTTP/1.1" 301 357
69.199.12.223 - - [19/Aug/2005:02:06:02 -0400] "GET /undergrad/handbook/awards HTTP/1.1" 301 358
69.199.12.223 - - [19/Aug/2005:02:06:02 -0400] "GET /undergrad/handbook/awards/ HTTP/1.1" 200 21640
69.199.12.223 - - [19/Aug/2005:02:06:02 -0400] "GET /templates/images/C_inactive_AAA.gif HTTP/1.1" 301 369
69.199.12.223 - - [19/Aug/2005:02:06:02 -0400] "GET /templates/images/NoUseMenus2.gif HTTP/1.1" 301 366
69.199.12.223 - - [19/Aug/2005:02:06:02 -0400] "GET /templates/images/shim.gif HTTP/1.1" 301 359
202.155.89.123 - - [19/Aug/2005:02:06:06 -0400] "GET /templates/images/C_inactive_AAA.gif HTTP/1.0" 301 357
202.155.89.123 - - [19/Aug/2005:02:06:08 -0400] "GET /undergrad/handbook/courses/index.shtml HTTP/1.0" 200 20192
202.155.89.123 - - [19/Aug/2005:02:06:08 -0400] "GET /templates/images/shim.gif HTTP/1.0" 301 347
202.155.89.123 - - [19/Aug/2005:02:06:08 -0400] "GET /templates/images/NoUseMenus2.gif HTTP/1.0" 301 354
203.78.80.93 - - [19/Aug/2005:02:06:25 -0400] "GET /journals/JIS/VOL7/Puchta/puchta90.html HTTP/1.1" 200 1535
203.78.80.93 - - [19/Aug/2005:02:06:25 -0400] "GET /journals/JIS/www_tile.gif HTTP/1.1" 200 260
203.78.80.93 - - [19/Aug/2005:02:06:25 -0400] "GET /journals/JIS/neil.RED15.gif HTTP/1.1" 200 1139
68.142.251.117 - - [19/Aug/2005:02:06:38 -0400] "GET /~hzarrabi/gallery/zooanimals/Kangaroos?full=1 HTTP/1.0" 200 15394
69.199.12.223 - - [19/Aug/2005:02:06:40 -0400] "GET /undergrad/handbook/courses/index.shtml HTTP/1.1" 200 20232
69.199.12.223 - - [19/Aug/2005:02:06:40 -0400] "GET /templates/images/C_inactive_AAA.gif HTTP/1.1" 301 369
69.199.12.223 - - [19/Aug/2005:02:06:40 -0400] "GET /templates/images/NoUseMenus2.gif HTTP/1.1" 301 366
69.199.12.223 - - [19/Aug/2005:02:06:40 -0400] "GET /templates/images/shim.gif HTTP/1.1" 301 359
69.199.12.223 - - [19/Aug/2005:02:06:43 -0400] "GET /undergrad/handbook/courses/list.shtml HTTP/1.1" 200 57961
69.199.12.223 - - [19/Aug/2005:02:06:43 -0400] "GET /templates/images/C_inactive_AAA.gif HTTP/1.1" 301 369
69.199.12.223 - - [19/Aug/2005:02:06:43 -0400] "GET /templates/images/shim.gif HTTP/1.1" 301 359
69.199.12.223 - - [19/Aug/2005:02:06:43 -0400] "GET /templates/images/NoUseMenus2.gif HTTP/1.1" 301 366
68.142.251.176 - - [19/Aug/2005:02:06:52 -0400] "GET /~rkharal/temp_cgwin/ftp%253a%252f%252fmirrors.rcn.net%252fpub%252fsourceware%252fcygwin/release/db/db2?N=D HTTP/1.0" 301 427
68.142.251.176 - - [19/Aug/2005:02:06:53 -0400] "GET /~rkharal/temp_cgwin/ftp%253a%252f%252fmirrors.rcn.net%252fpub%252fsourceware%252fcygwin/release/db/db2/?N=D HTTP/1.0" 200 1195
65.54.188.147 - - [19/Aug/2005:02:06:58 -0400] "GET /~hzarrabi/gallery/mashhad77/mashhad_77_2 HTTP/1.0" 200 14216
218.56.229.239 - - [19/Aug/2005:02:06:59 -0400] "GET /~s6zhang/jeancarlos.wmv HTTP/1.1" 206 49152
65.54.188.147 - - [19/Aug/2005:02:07:12 -0400] "GET /liaison/Institute2000/EquityPresWat/sld007.htm HTTP/1.0" 200 1787
210.5.70.2 - - [19/Aug/2005:02:07:13 -0400] "GET /liaison/Institute2000/SICCPres/sld020.htm HTTP/1.0" 200 1790
210.5.70.2 - - [19/Aug/2005:02:07:13 -0400] "GET /liaison/Institute2000/SICCPres/first.gif HTTP/1.0" 200 247
210.5.70.2 - - [19/Aug/2005:02:07:13 -0400] "GET /liaison/Institute2000/SICCPres/img020.GIF HTTP/1.0" 200 14152
210.5.70.2 - - [19/Aug/2005:02:07:14 -0400] "GET /liaison/Institute2000/SICCPres/prev.gif HTTP/1.0" 200 232
210.5.70.2 - - [19/Aug/2005:02:07:14 -0400] "GET /liaison/Institute2000/SICCPres/last.gif HTTP/1.0" 200 251
210.5.70.2 - - [19/Aug/2005:02:07:14 -0400] "GET /liaison/Institute2000/SICCPres/next.gif HTTP/1.0" 200 232
210.5.70.2 - - [19/Aug/2005:02:07:14 -0400] "GET /liaison/Institute2000/SICCPres/space.gif HTTP/1.0" 200 117
66.249.65.67 - - [19/Aug/2005:02:07:15 -0400] "GET /~klarson/images/Hawaii_May_2003/Big_Island/tn/img_0893.jpg HTTP/1.1" 200 6972
66.249.65.67 - - [19/Aug/2005:02:07:15 -0400] "GET /~cgaspar/LogosWebsite/photogallery/photo041/CCORiseUpPic6.JPG HTTP/1.1" 404 947
218.56.229.239 - - [19/Aug/2005:02:07:23 -0400] "GET /~s6zhang/jeancarlos.wmv HTTP/1.1" 206 262864
65.54.188.147 - - [19/Aug/2005:02:07:26 -0400] "GET /~hzarrabi/gallery/mashhad77/mashhad_77_7 HTTP/1.0" 200 14258
65.54.188.147 - - [19/Aug/2005:02:07:33 -0400] "GET /liaison/Institute2000/EquityPresWat/sld013.htm HTTP/1.0" 200 1778
210.5.70.2 - - [19/Aug/2005:02:07:35 -0400] "GET /liaison/Institute2000/SICCPres/sld021.htm HTTP/1.0" 200 1693
202.155.89.123 - - [19/Aug/2005:02:07:36 -0400] "GET /undergrad/handbook/courses/cDescr/CS100.shtml HTTP/1.0" 200 21642
129.97.152.134 - - [19/Aug/2005:02:07:43 -0400] "GET /~odyssey/odyssey.jar HTTP/1.1" 200 532057
202.155.89.123 - - [19/Aug/2005:02:07:44 -0400] "GET / HTTP/1.0" 200 6130
218.56.229.239 - - [19/Aug/2005:02:07:46 -0400] "GET /~s6zhang/jeancarlos.wmv HTTP/1.1" 206 90112
66.249.71.15 - - [19/Aug/2005:02:07:47 -0400] "GET /~elahav/ HTTP/1.0" 200 4625
66.249.64.44 - - [19/Aug/2005:02:07:54 -0400] "GET /~gweddell/ HTTP/1.0" 304 -
66.249.71.42 - - [19/Aug/2005:02:07:58 -0400] "GET /~w3jiang/ HTTP/1.0" 304 -
218.56.229.239 - - [19/Aug/2005:02:08:01 -0400] "GET /~s6zhang/jeancarlos.wmv HTTP/1.1" 206 139264
66.249.64.6 - - [19/Aug/2005:02:08:01 -0400] "GET /~aaelsaye HTTP/1.0" 301 330
66.249.64.44 - - [19/Aug/2005:02:08:03 -0400] "GET /~brecht HTTP/1.0" 301 328
218.56.229.239 - - [19/Aug/2005:02:08:04 -0400] "GET /~s6zhang/jeancarlos.wmv HTTP/1.1" 206 409600
66.249.64.27 - - [19/Aug/2005:02:08:06 -0400] "GET /grad/newGradHB/Waterloo/StudentLife.html HTTP/1.0" 200 10665
67.123.173.249 - - [19/Aug/2005:02:08:06 -0400] "GET /~j9huang/temp_pic/brain.jpg HTTP/1.1" 404 913
67.123.173.249 - - [19/Aug/2005:02:08:06 -0400] "GET /~j9huang/temp_pic/abstract3.jpg HTTP/1.1" 404 917
67.123.173.249 - - [19/Aug/2005:02:08:06 -0400] "GET /~j9huang/temp_pic/almost%20me.jpg HTTP/1.1" 404 919
67.123.173.249 - - [19/Aug/2005:02:08:07 -0400] "GET /~j9huang/temp_pic/beauty6.jpg HTTP/1.1" 404 915
67.123.173.249 - - [19/Aug/2005:02:08:07 -0400] "GET /~j9huang/album%20test/p9.jpg HTTP/1.1" 200 25557
66.249.71.56 - - [19/Aug/2005:02:08:08 -0400] "GET /~hy3chan/ HTTP/1.0" 304 -
66.249.65.67 - - [19/Aug/2005:02:08:08 -0400] "GET /snaps/small/macdonald.jpg HTTP/1.1" 200 8773
66.249.65.67 - - [19/Aug/2005:02:08:08 -0400] "GET /~camennie/Vacation/Brugge/cimg0312.jpg HTTP/1.1" 404 1040
66.249.65.67 - - [19/Aug/2005:02:08:12 -0400] "GET /~smhong/research/StructureOfModeler_lowRes.png HTTP/1.1" 301 382
66.249.65.67 - - [19/Aug/2005:02:08:12 -0400] "GET /~smhong/research/StructureOfModeler_lowRes.png HTTP/1.1" 302 354
66.249.65.67 - - [19/Aug/2005:02:08:12 -0400] "GET /~algcomp/msemails/ms1.GIF HTTP/1.1" 301 349
66.249.65.67 - - [19/Aug/2005:02:08:13 -0400] "GET /~smhong/research/StructureOfModeler_lowRes.png HTTP/1.1" 200 111414
66.249.65.67 - - [19/Aug/2005:02:08:13 -0400] "GET /msemails/ms1.GIF HTTP/1.1" 200 1122
66.249.71.1 - - [19/Aug/2005:02:08:14 -0400] "GET /~wcwince HTTP/1.0" 301 329
69.199.12.223 - - [19/Aug/2005:02:08:15 -0400] "GET /undergrad/handbook/programs/require/bsc_biolAndbio.shtml HTTP/1.1" 200 31957
69.199.12.223 - - [19/Aug/2005:02:08:15 -0400] "GET /undergrad/resources/handbook.css HTTP/1.1" 304 -
69.199.12.223 - - [19/Aug/2005:02:08:15 -0400] "GET /templates/CSSfiles/navstyle.css HTTP/1.1" 304 -
69.199.12.223 - - [19/Aug/2005:02:08:15 -0400] "GET /templates/CSSfiles/MathNav.css HTTP/1.1" 304 -
69.199.12.223 - - [19/Aug/2005:02:08:15 -0400] "GET /templates/CSSfiles/MathSubsite.css HTTP/1.1" 304 -
69.199.12.223 - - [19/Aug/2005:02:08:15 -0400] "GET /templates/CSSfiles/GradNav.css HTTP/1.1" 304 -
69.199.12.223 - - [19/Aug/2005:02:08:15 -0400] "GET /templates/CSSfiles/ProspNav.css HTTP/1.1" 304 -
69.199.12.223 - - [19/Aug/2005:02:08:15 -0400] "GET /templates/CSSfiles/CSNav.css HTTP/1.1" 304 -
69.199.12.223 - - [19/Aug/2005:02:08:15 -0400] "GET /templates/JSfiles/MathHeadScripts.js HTTP/1.1" 304 -
69.199.12.223 - - [19/Aug/2005:02:08:15 -0400] "GET /undergrad/resources/redarrowN.gif HTTP/1.1" 304 -
69.199.12.223 - - [19/Aug/2005:02:08:15 -0400] "GET /undergrad/resources/redarrow2N.gif HTTP/1.1" 304 -
69.199.12.223 - - [19/Aug/2005:02:08:15 -0400] "GET /templates/images/C_inactive_AAA.gif HTTP/1.1" 301 369
69.199.12.223 - - [19/Aug/2005:02:08:15 -0400] "GET /csImages/cornerpic.jpg HTTP/1.1" 304 -
69.199.12.223 - - [19/Aug/2005:02:08:15 -0400] "GET /csImages/top_A_norm.jpg HTTP/1.1" 304 -
69.199.12.223 - - [19/Aug/2005:02:08:15 -0400] "GET /csImages/top_B_norm.jpg HTTP/1.1" 304 -
69.199.12.223 - - [19/Aug/2005:02:08:15 -0400] "GET /csImages/top_C_norm.jpg HTTP/1.1" 304 -
69.199.12.223 - - [19/Aug/2005:02:08:15 -0400] "GET /templates/images/shim.gif HTTP/1.1" 301 359
69.199.12.223 - - [19/Aug/2005:02:08:15 -0400] "GET /templates/images/NoUseMenus2.gif HTTP/1.1" 301 366
69.199.12.223 - - [19/Aug/2005:02:08:15 -0400] "GET /csImages/cs_L_norm.jpg HTTP/1.1" 304 -
69.199.12.223 - - [19/Aug/2005:02:08:15 -0400] "GET /csImages/cs_M_norm.jpg HTTP/1.1" 304 -
69.199.12.223 - - [19/Aug/2005:02:08:15 -0400] "GET /csImages/cs_N_norm.jpg HTTP/1.1" 304 -
69.199.12.223 - - [19/Aug/2005:02:08:15 -0400] "GET /csImages/cs_O_norm.jpg HTTP/1.1" 304 -
69.199.12.223 - - [19/Aug/2005:02:08:15 -0400] "GET /undergrad/handbook/images/checkbox.gif HTTP/1.1" 404 924
66.249.64.77 - - [19/Aug/2005:02:08:17 -0400] "GET /~jwwong HTTP/1.0" 301 328
66.249.65.67 - - [19/Aug/2005:02:08:18 -0400] "GET /~hzarrabi/albums/Hajj/hajj_1.jpg HTTP/1.1" 200 89041
66.249.64.52 - - [19/Aug/2005:02:08:18 -0400] "GET /undergrad/handbook/courses/cDescr/CS200.shtml HTTP/1.0" 200 26036
66.249.65.67 - - [19/Aug/2005:02:08:18 -0400] "GET /~klarson/images/Hawaii_May_2003/Big_Island/img_0963.jpg HTTP/1.1" 200 367946
218.56.229.239 - - [19/Aug/2005:02:08:19 -0400] "GET /~s6zhang/jeancarlos.wmv HTTP/1.1" 206 90112
66.249.64.44 - - [19/Aug/2005:02:08:21 -0400] "GET /undergrad/courses/cDescr/CS483.shtml HTTP/1.0" 301 365
66.249.65.67 - - [19/Aug/2005:02:08:24 -0400] "GET /~zqu/cuba/DSCF0039.JPG HTTP/1.1" 301 358
66.249.65.67 - - [19/Aug/2005:02:08:24 -0400] "GET /~camennie/Vacation/VaticanCity/small/sm-cimg0263.jpg HTTP/1.1" 404 1068
218.56.229.239 - - [19/Aug/2005:02:08:25 -0400] "GET /~s6zhang/jeancarlos.wmv HTTP/1.1" 206 131072
66.249.65.67 - - [19/Aug/2005:02:08:25 -0400] "GET /~zqu/cuba/DSCF0039.JPG HTTP/1.1" 302 330
69.199.12.223 - - [19/Aug/2005:02:08:25 -0400] "GET /undergrad/handbook/programs/require/bcs_bio.shtml HTTP/1.1" 200 31751
69.199.12.223 - - [19/Aug/2005:02:08:25 -0400] "GET /templates/images/C_inactive_AAA.gif HTTP/1.1" 301 369
66.249.71.47 - - [19/Aug/2005:02:08:25 -0400] "GET /~echinifo/ HTTP/1.0" 304 -
69.199.12.223 - - [19/Aug/2005:02:08:25 -0400] "GET /templates/images/shim.gif HTTP/1.1" 301 359
69.199.12.223 - - [19/Aug/2005:02:08:25 -0400] "GET /templates/images/NoUseMenus2.gif HTTP/1.1" 301 366
66.249.65.67 - - [19/Aug/2005:02:08:25 -0400] "GET /~zqu/cuba/DSCF0039.JPG HTTP/1.1" 404 1008
69.199.12.223 - - [19/Aug/2005:02:08:25 -0400] "GET /undergrad/handbook/images/checkbox.gif HTTP/1.1" 404 924
69.199.12.223 - - [19/Aug/2005:02:08:26 -0400] "GET /csImages/cs_M_high.jpg HTTP/1.1" 304 -
218.56.229.239 - - [19/Aug/2005:02:08:26 -0400] "GET /~s6zhang/jeancarlos.wmv HTTP/1.1" 206 114688
66.249.71.56 - - [19/Aug/2005:02:08:26 -0400] "GET /Current/first_year_handbook.htm HTTP/1.0" 304 -
218.56.229.239 - - [19/Aug/2005:02:08:26 -0400] "GET /~s6zhang/jeancarlos.wmv HTTP/1.1" 206 278528
69.199.12.223 - - [19/Aug/2005:02:08:27 -0400] "GET /csImages/top_C_high.jpg HTTP/1.1" 200 3453
66.249.71.13 - - [19/Aug/2005:02:08:28 -0400] "GET /grad/newGradHB/Courses/CourseDescriptions/CS779.html HTTP/1.0" 200 8521
66.249.64.4 - - [19/Aug/2005:02:08:33 -0400] "GET /High_School_Liaison/student.shtml HTTP/1.0" 301 341
66.249.71.15 - - [19/Aug/2005:02:08:33 -0400] "GET /admin/curric/Agenda-2005-01-27.html HTTP/1.0" 200 14179
218.56.229.239 - - [19/Aug/2005:02:08:33 -0400] "GET /~s6zhang/jeancarlos.wmv HTTP/1.1" 206 16384
66.249.64.54 - - [19/Aug/2005:02:08:35 -0400] "GET /~x2he/genomics/ HTTP/1.0" 200 576
218.61.87.26 - - [19/Aug/2005:02:08:35 -0400] "GET /~s6zhang/jeancarlos.wmv HTTP/1.1" 206 32768
66.249.71.17 - - [19/Aug/2005:02:08:37 -0400] "GET /undergrad/courses/cDescr/CS472.shtml HTTP/1.0" 301 365
218.56.229.239 - - [19/Aug/2005:02:08:38 -0400] "GET /~s6zhang/jeancarlos.wmv HTTP/1.1" 206 49152
66.249.71.10 - - [19/Aug/2005:02:08:38 -0400] "GET /~a3seth/ HTTP/1.0" 304 -
218.56.229.239 - - [19/Aug/2005:02:08:39 -0400] "GET /~s6zhang/jeancarlos.wmv HTTP/1.1" 206 98304
66.249.71.47 - - [19/Aug/2005:02:08:40 -0400] "GET /undergrad/prospective/options.htm HTTP/1.0" 404 907
66.249.64.15 - - [19/Aug/2005:02:08:42 -0400] "GET /grad/newGradHB/Courses/CourseDescriptions/CS746.html HTTP/1.0" 200 8133
218.56.229.239 - - [19/Aug/2005:02:08:42 -0400] "GET /~s6zhang/jeancarlos.wmv HTTP/1.1" 206 147456
218.56.229.239 - - [19/Aug/2005:02:08:42 -0400] "GET /~s6zhang/jeancarlos.wmv HTTP/1.1" 206 81920
202.155.89.123 - - [19/Aug/2005:02:08:43 -0400] "GET /favicon.ico HTTP/1.0" 304 -
218.56.229.239 - - [19/Aug/2005:02:08:44 -0400] "GET /~s6zhang/jeancarlos.wmv HTTP/1.1" 206 65536
66.249.71.13 - - [19/Aug/2005:02:08:45 -0400] "GET /admin/curric/NewCSSeqs.html HTTP/1.0" 200 7218
218.56.229.239 - - [19/Aug/2005:02:08:47 -0400] "GET /~s6zhang/jeancarlos.wmv HTTP/1.1" 206 49152
66.249.64.7 - - [19/Aug/2005:02:08:48 -0400] "GET /undergrad/courses/cDescr/CS467.shtml HTTP/1.0" 301 365
218.56.229.239 - - [19/Aug/2005:02:08:48 -0400] "GET /~s6zhang/jeancarlos.wmv HTTP/1.1" 206 106496
66.249.64.13 - - [19/Aug/2005:02:08:49 -0400] "GET /Current/Class_2006/class_of_2006_2B.html HTTP/1.0" 304 -
218.56.229.239 - - [19/Aug/2005:02:08:49 -0400] "GET /~s6zhang/jeancarlos.wmv HTTP/1.1" 206 32768
69.199.168.93 - - [19/Aug/2005:02:08:49 -0400] "GET /templates/images/shim.gif HTTP/1.1" 301 359
69.199.168.93 - - [19/Aug/2005:02:08:49 -0400] "GET /templates/images/C_inactive_AAA.gif HTTP/1.1" 301 369
66.249.64.35 - - [19/Aug/2005:02:08:49 -0400] "GET /undergrad/courses/cDescr/CS450.shtml HTTP/1.0" 301 365
218.56.229.239 - - [19/Aug/2005:02:08:49 -0400] "GET /~s6zhang/jeancarlos.wmv HTTP/1.1" 206 98304
218.61.87.26 - - [19/Aug/2005:02:08:50 -0400] "GET /~s6zhang/jeancarlos.wmv HTTP/1.1" 206 16384
218.56.229.239 - - [19/Aug/2005:02:08:51 -0400] "GET /~s6zhang/jeancarlos.wmv HTTP/1.1" 206 32768
218.56.229.239 - - [19/Aug/2005:02:08:54 -0400] "GET /~s6zhang/jeancarlos.wmv HTTP/1.1" 206 49152
218.56.229.239 - - [19/Aug/2005:02:08:55 -0400] "GET /~s6zhang/jeancarlos.wmv HTTP/1.1" 206 49152
218.56.229.239 - - [19/Aug/2005:02:08:56 -0400] "GET /~s6zhang/jeancarlos.wmv HTTP/1.1" 206 16384
69.199.12.223 - - [19/Aug/2005:02:08:56 -0400] "GET /undergrad/handbook/programs/require/bsc_bio.shtml HTTP/1.1" 200 31678
69.199.12.223 - - [19/Aug/2005:02:08:56 -0400] "GET /templates/images/C_inactive_AAA.gif HTTP/1.1" 301 369
69.199.12.223 - - [19/Aug/2005:02:08:56 -0400] "GET /templates/images/shim.gif HTTP/1.1" 301 359
69.199.12.223 - - [19/Aug/2005:02:08:56 -0400] "GET /templates/images/NoUseMenus2.gif HTTP/1.1" 301 366
69.199.12.223 - - [19/Aug/2005:02:08:56 -0400] "GET /undergrad/handbook/images/checkbox.gif HTTP/1.1" 404 924
69.199.12.223 - - [19/Aug/2005:02:08:57 -0400] "GET /undergrad/handbook/programs/require/bsc_bio.shtml HTTP/1.1" 200 31678
69.199.12.223 - - [19/Aug/2005:02:08:57 -0400] "GET /templates/images/C_inactive_AAA.gif HTTP/1.1" 301 369
69.199.12.223 - - [19/Aug/2005:02:08:57 -0400] "GET /templates/images/shim.gif HTTP/1.1" 301 359
69.199.12.223 - - [19/Aug/2005:02:08:57 -0400] "GET /templates/images/NoUseMenus2.gif HTTP/1.1" 301 366
69.199.12.223 - - [19/Aug/2005:02:08:57 -0400] "GET /undergrad/handbook/images/checkbox.gif HTTP/1.1" 404 924
66.249.64.52 - - [19/Aug/2005:02:08:58 -0400] "GET /liaison/TclTk.shtml HTTP/1.0" 200 21559
218.56.229.239 - - [19/Aug/2005:02:08:59 -0400] "GET /~s6zhang/jeancarlos.wmv HTTP/1.1" 206 49152
66.249.64.15 - - [19/Aug/2005:02:09:00 -0400] "GET /~apidduck HTTP/1.0" 301 330
218.56.229.239 - - [19/Aug/2005:02:09:01 -0400] "GET /~s6zhang/jeancarlos.wmv HTTP/1.1" 206 57344
218.56.229.239 - - [19/Aug/2005:02:09:01 -0400] "GET /~s6zhang/jeancarlos.wmv HTTP/1.1" 206 16384
66.249.65.67 - - [19/Aug/2005:02:09:01 -0400] "GET /~zqu/canada/safari/DSCF0089.JPG HTTP/1.1" 301 367
66.249.65.67 - - [19/Aug/2005:02:09:02 -0400] "GET /~j9huang/pic/P1010021.JPG HTTP/1.1" 404 911
69.199.12.223 - - [19/Aug/2005:02:09:02 -0400] "GET /undergrad/handbook/programs/require/bsc_bio.shtml HTTP/1.1" 200 31678
69.199.12.223 - - [19/Aug/2005:02:09:02 -0400] "GET /templates/images/C_inactive_AAA.gif HTTP/1.1" 301 369
69.199.12.223 - - [19/Aug/2005:02:09:02 -0400] "GET /templates/images/shim.gif HTTP/1.1" 301 359
69.199.12.223 - - [19/Aug/2005:02:09:02 -0400] "GET /templates/images/NoUseMenus2.gif HTTP/1.1" 301 366
69.199.12.223 - - [19/Aug/2005:02:09:02 -0400] "GET /undergrad/handbook/images/checkbox.gif HTTP/1.1" 404 924
66.249.65.67 - - [19/Aug/2005:02:09:02 -0400] "GET /~zqu/canada/safari/DSCF0089.JPG HTTP/1.1" 302 339
66.249.65.67 - - [19/Aug/2005:02:09:02 -0400] "GET /~zqu/canada/safari/DSCF0089.JPG HTTP/1.1" 404 1026
66.249.71.9 - - [19/Aug/2005:02:09:04 -0400] "GET /cs-archive/CS-2000/08/CS-2000-08.ps.Z HTTP/1.0" 304 -
66.249.65.67 - - [19/Aug/2005:02:09:06 -0400] "GET /~camennie/Vacation/Rome/cimg0121.jpg HTTP/1.1" 404 1036
66.249.65.67 - - [19/Aug/2005:02:09:06 -0400] "GET /~shallit/Arizona/cardinal.jpg HTTP/1.1" 200 71699
66.249.71.15 - - [19/Aug/2005:02:09:07 -0400] "GET /undergrad/courses/cDescr/CS454.shtml HTTP/1.0" 301 365
68.142.251.104 - - [19/Aug/2005:02:09:11 -0400] "GET /~aaelsaye/projects.htm HTTP/1.0" 200 7870
66.249.65.67 - - [19/Aug/2005:02:09:11 -0400] "GET /~klarson/images/Hawaii_May_2003/Big_Island/img_0884.jpg HTTP/1.1" 200 416217
66.249.65.67 - - [19/Aug/2005:02:09:12 -0400] "GET /~klarson/images/Hawaii_May_2003/Napali_Coast/img_0813.jpg HTTP/1.1" 200 777047
69.199.12.223 - - [19/Aug/2005:02:09:14 -0400] "GET /undergrad/handbook/programs/require/bsc_biolAndbio.shtml HTTP/1.1" 200 31957
69.199.12.223 - - [19/Aug/2005:02:09:14 -0400] "GET /templates/images/C_inactive_AAA.gif HTTP/1.1" 301 369
69.199.12.223 - - [19/Aug/2005:02:09:14 -0400] "GET /templates/images/shim.gif HTTP/1.1" 301 359
69.199.12.223 - - [19/Aug/2005:02:09:14 -0400] "GET /templates/images/NoUseMenus2.gif HTTP/1.1" 301 366
69.199.12.223 - - [19/Aug/2005:02:09:14 -0400] "GET /undergrad/handbook/images/checkbox.gif HTTP/1.1" 404 924
193.252.148.101 - - [19/Aug/2005:02:09:15 -0400] "GET /robots.txt HTTP/1.1" 200 176
193.252.148.101 - - [19/Aug/2005:02:09:30 -0400] "GET /~fwkroon HTTP/1.1" 301 341
66.249.65.67 - - [19/Aug/2005:02:09:30 -0400] "GET /~zqu/europe/P1010029.JPG HTTP/1.1" 301 360
66.249.65.67 - - [19/Aug/2005:02:09:31 -0400] "GET /~zqu/europe/P1010029.JPG HTTP/1.1" 302 332
66.249.65.67 - - [19/Aug/2005:02:09:31 -0400] "GET /~camennie/Vacation/Bari/cimg0104.jpg HTTP/1.1" 404 1036
66.249.65.67 - - [19/Aug/2005:02:09:32 -0400] "GET /~zqu/europe/P1010029.JPG HTTP/1.1" 404 1012
24.75.146.230 - - [19/Aug/2005:02:09:34 -0400] "GET /~mjhinek/pics/jokes/illusion.jpg HTTP/1.1" 200 3779
66.249.64.50 - - [19/Aug/2005:02:09:35 -0400] "GET /~fjiao/ HTTP/1.0" 304 -
165.93.137.203 - - [19/Aug/2005:02:09:40 -0400] "GET / HTTP/1.1" 200 7003
66.249.65.67 - - [19/Aug/2005:02:09:41 -0400] "GET /~ssclift/20040718_EloraGorge/tn/img_4026.jpg HTTP/1.1" 301 380
66.249.65.67 - - [19/Aug/2005:02:09:41 -0400] "GET /~zqu/wk/my%20gf_u%20bet_(1).JPG HTTP/1.1" 301 367
66.249.65.67 - - [19/Aug/2005:02:09:42 -0400] "GET /~ssclift/20040718_EloraGorge/tn/img_4026.jpg HTTP/1.1" 302 352
66.249.65.67 - - [19/Aug/2005:02:09:42 -0400] "GET /~zqu/wk/my%20gf_u%20bet_(1).JPG HTTP/1.1" 302 339
66.249.65.67 - - [19/Aug/2005:02:09:42 -0400] "GET /~ssclift/20040718_EloraGorge/tn/img_4026.jpg HTTP/1.1" 404 930
66.249.65.67 - - [19/Aug/2005:02:09:43 -0400] "GET /~zqu/wk/my%20gf_u%20bet_(1).JPG HTTP/1.1" 404 1026
61.4.64.172 - - [19/Aug/2005:02:09:46 -0400] "GET /~s6zhang/jeancarlos.wmv HTTP/1.1" 206 98304
202.172.73.245 - - [19/Aug/2005:02:09:49 -0400] "GET /~mwg/ HTTP/1.1" 200 6846
202.172.73.245 - - [19/Aug/2005:02:09:50 -0400] "GET /~mwg/mwg.jpg HTTP/1.1" 200 2509
202.172.73.245 - - [19/Aug/2005:02:09:50 -0400] "GET /~mwg/mmrc-cn.jpg HTTP/1.1" 200 13235
202.172.73.245 - - [19/Aug/2005:02:09:50 -0400] "GET /favicon.ico HTTP/1.1" 200 2526
61.4.64.172 - - [19/Aug/2005:02:09:51 -0400] "GET /~s6zhang/jeancarlos.wmv HTTP/1.1" 206 204800
66.249.64.6 - - [19/Aug/2005:02:09:55 -0400] "GET /cs-archive/CS-1998/22/CS-98-22.ps.Z HTTP/1.0" 304 -
61.4.64.172 - - [19/Aug/2005:02:09:56 -0400] "GET /~s6zhang/jeancarlos.wmv HTTP/1.1" 206 204800
66.249.64.25 - - [19/Aug/2005:02:09:56 -0400] "GET /~q6wang/ HTTP/1.0" 304 -
61.4.64.172 - - [19/Aug/2005:02:09:59 -0400] "GET /~s6zhang/jeancarlos.wmv HTTP/1.1" 206 265431
66.249.64.36 - - [19/Aug/2005:02:10:02 -0400] "GET /~wcwince HTTP/1.0" 301 329
66.249.71.15 - - [19/Aug/2005:02:10:03 -0400] "GET /undergrad/courses/cDescr/CS476.shtml HTTP/1.0" 301 365
61.4.64.172 - - [19/Aug/2005:02:10:10 -0400] "GET /~s6zhang/jeancarlos.wmv HTTP/1.1" 206 294912
66.249.64.44 - - [19/Aug/2005:02:10:11 -0400] "GET /undergrad/handbook/courses/waitlist/totals.html HTTP/1.0" 200 7262
163.221.84.77 - - [19/Aug/2005:02:10:12 -0400] "GET /~kmregan/files/advisorPOMDP.pdf HTTP/1.1" 200 3772
61.4.64.172 - - [19/Aug/2005:02:10:13 -0400] "GET /~s6zhang/jeancarlos.wmv HTTP/1.1" 206 327680
61.4.64.172 - - [19/Aug/2005:02:10:16 -0400] "GET /~s6zhang/jeancarlos.wmv HTTP/1.1" 206 73728
66.249.64.49 - - [19/Aug/2005:02:10:16 -0400] "GET /undergrad/courses/cDescr/CS483.shtml HTTP/1.0" 301 365
61.4.64.172 - - [19/Aug/2005:02:10:20 -0400] "GET /~s6zhang/jeancarlos.wmv HTTP/1.1" 206 114688
163.221.84.77 - - [19/Aug/2005:02:10:20 -0400] "GET /~kmregan/files/advisorPOMDP.pdf HTTP/1.1" 206 131072
61.4.64.172 - - [19/Aug/2005:02:10:21 -0400] "GET /~s6zhang/jeancarlos.wmv HTTP/1.1" 206 65536
163.221.84.77 - - [19/Aug/2005:02:10:22 -0400] "GET /~kmregan/files/advisorPOMDP.pdf HTTP/1.1" 206 175153
213.176.122.12 - - [19/Aug/2005:02:10:29 -0400] "GET /~hzarrabi/images/zarrabi-4.jpg HTTP/1.1" 200 9419
61.4.64.172 - - [19/Aug/2005:02:10:31 -0400] "GET /~s6zhang/jeancarlos.wmv HTTP/1.1" 206 16384
218.61.87.26 - - [19/Aug/2005:02:10:33 -0400] "GET /~s6zhang/jeancarlos.wmv HTTP/1.1" 206 40960
61.4.64.172 - - [19/Aug/2005:02:10:36 -0400] "GET /~s6zhang/jeancarlos.wmv HTTP/1.1" 206 81920
61.4.64.172 - - [19/Aug/2005:02:10:36 -0400] "GET /~s6zhang/jeancarlos.wmv HTTP/1.1" 206 262144
24.18.171.109 - - [19/Aug/2005:02:10:37 -0400] "GET /~kmregan/resume/ HTTP/1.1" 200 4032
61.4.64.172 - - [19/Aug/2005:02:10:38 -0400] "GET /~s6zhang/jeancarlos.wmv HTTP/1.1" 206 49152
61.4.64.172 - - [19/Aug/2005:02:10:39 -0400] "GET /~s6zhang/jeancarlos.wmv HTTP/1.1" 206 16384
61.4.64.172 - - [19/Aug/2005:02:10:41 -0400] "GET /~s6zhang/jeancarlos.wmv HTTP/1.1" 206 90112
61.4.64.172 - - [19/Aug/2005:02:10:41 -0400] "GET /~s6zhang/jeancarlos.wmv HTTP/1.1" 206 16384
61.4.64.172 - - [19/Aug/2005:02:10:42 -0400] "GET /~s6zhang/jeancarlos.wmv HTTP/1.1" 206 57344
61.4.64.172 - - [19/Aug/2005:02:10:42 -0400] "GET /~s6zhang/jeancarlos.wmv HTTP/1.1" 206 16384
218.61.87.26 - - [19/Aug/2005:02:10:45 -0400] "GET /~s6zhang/jeancarlos.wmv HTTP/1.1" 206 32768
61.4.64.172 - - [19/Aug/2005:02:10:46 -0400] "GET /~s6zhang/jeancarlos.wmv HTTP/1.1" 206 409600
68.142.249.131 - - [19/Aug/2005:02:10:53 -0400] "GET /~rkharal/temp_cgwin/ftp%253a%252f%252fmirrors.rcn.net%252fpub%252fsourceware%252fcygwin/release/X11/xorg-x11-man-pages-html/?D=A HTTP/1.0" 200 1028
66.249.65.67 - - [19/Aug/2005:02:11:15 -0400] "GET /~klarson/images/Hawaii_May_2003/Napali_Coast/img_0863.jpg HTTP/1.1" 200 199680
66.249.65.67 - - [19/Aug/2005:02:11:15 -0400] "GET /~klarson/images/Hawaii_May_2003/Napali_Coast/tn/img_0801.jpg HTTP/1.1" 200 9751
66.249.71.50 - - [19/Aug/2005:02:11:24 -0400] "GET /~dpal/ HTTP/1.0" 200 4304
66.249.65.67 - - [19/Aug/2005:02:11:32 -0400] "GET /~rradoulov/images/loading.gif HTTP/1.1" 302 336
66.249.65.67 - - [19/Aug/2005:02:11:33 -0400] "GET /~klarson/images/Hawaii_May_2003/Napali_Coast/tn/img_0861.jpg HTTP/1.1" 200 10542
66.249.65.67 - - [19/Aug/2005:02:11:33 -0400] "GET /~rradoulo/images/loading.gif HTTP/1.1" 200 1588
66.249.65.67 - - [19/Aug/2005:02:11:40 -0400] "GET /~hzarrabi/albums/mahya6m/Mahya_013.sized.jpg HTTP/1.1" 200 75013
66.249.65.67 - - [19/Aug/2005:02:11:40 -0400] "GET /~aljuarez/Photos/Huatulco2004/mediafiles/l6.jpg HTTP/1.1" 200 131992
66.249.65.67 - - [19/Aug/2005:02:11:48 -0400] "GET /~zqu/oasis.jpg HTTP/1.1" 301 350
66.249.65.67 - - [19/Aug/2005:02:11:48 -0400] "GET /~zqu/oasis.jpg HTTP/1.1" 302 322
66.249.65.67 - - [19/Aug/2005:02:11:48 -0400] "GET /~zqu/oasis.jpg HTTP/1.1" 404 992
68.142.250.145 - - [19/Aug/2005:02:11:49 -0400] "GET /~jbarbay/Recherche/XProf/Quizzer/quizgenerator/02-AlgorithmicAnalysis?M=A HTTP/1.0" 301 394
68.142.250.145 - - [19/Aug/2005:02:11:50 -0400] "GET /~jbarbay/Recherche/XProf/Quizzer/quizgenerator/02-AlgorithmicAnalysis/?M=A HTTP/1.0" 200 1091
69.198.191.236 - - [19/Aug/2005:02:12:12 -0400] "GET /~jorchard/aerial/ HTTP/1.1" 200 6985
69.198.191.236 - - [19/Aug/2005:02:12:13 -0400] "GET /~jorchard/aerial/uptown_Waterloo_256x192.jpg HTTP/1.1" 200 47176
69.198.191.236 - - [19/Aug/2005:02:12:13 -0400] "GET /~jorchard/aerial/davis_centre_UW_256x192.jpg HTTP/1.1" 200 50287
69.198.191.236 - - [19/Aug/2005:02:12:13 -0400] "GET /~jorchard/aerial/ottawa_256x192.jpg HTTP/1.1" 200 11024
69.198.191.236 - - [19/Aug/2005:02:12:14 -0400] "GET /~jorchard/aerial/mt_st_helens_256x173.jpg HTTP/1.1" 200 10806
69.198.191.236 - - [19/Aug/2005:02:12:14 -0400] "GET /~jorchard/aerial/kelowna_256x169.jpg HTTP/1.1" 200 8372
69.198.191.236 - - [19/Aug/2005:02:12:15 -0400] "GET /~jorchard/aerial/calgary_256x198.jpg HTTP/1.1" 200 9225
69.198.191.236 - - [19/Aug/2005:02:12:15 -0400] "GET /~jorchard/aerial/jasper_256x161.jpg HTTP/1.1" 200 6670
69.198.191.236 - - [19/Aug/2005:02:12:15 -0400] "GET /~jorchard/aerial/ubc_256x126.jpg HTTP/1.1" 200 3684
69.198.191.236 - - [19/Aug/2005:02:12:15 -0400] "GET /~jorchard/aerial/richmond_256x153.jpg HTTP/1.1" 200 6224
69.198.191.236 - - [19/Aug/2005:02:12:15 -0400] "GET /~jorchard/aerial/toronto_256x165.jpg HTTP/1.1" 200 11305
69.198.191.236 - - [19/Aug/2005:02:12:15 -0400] "GET /~jorchard/aerial/waikiki_256x120.jpg HTTP/1.1" 200 5632
69.198.191.236 - - [19/Aug/2005:02:12:16 -0400] "GET /~jorchard/aerial/edinburgh_256x163.jpg HTTP/1.1" 200 10173
69.198.191.236 - - [19/Aug/2005:02:12:16 -0400] "GET /~jorchard/aerial/amsterdam_256x168.jpg HTTP/1.1" 200 9132
69.198.191.236 - - [19/Aug/2005:02:12:16 -0400] "GET /~jorchard/aerial/san_diego_zoo_256x159.jpg HTTP/1.1" 200 9939
68.142.250.98 - - [19/Aug/2005:02:12:19 -0400] "GET /~rkharal/temp_cgwin/ftp%253a%252f%252fmirrors.rcn.net%252fpub%252fsourceware%252fcygwin/release/X11/xorg-x11-man-pages-html/?N=A HTTP/1.0" 200 1028
65.93.101.228 - - [19/Aug/2005:02:12:23 -0400] "GET /~klarson HTTP/1.0" 301 329
69.198.191.236 - - [19/Aug/2005:02:12:24 -0400] "GET /~jorchard/aerial/amsterdam.jpg HTTP/1.1" 200 130742
65.93.101.228 - - [19/Aug/2005:02:12:24 -0400] "GET /~klarson/ HTTP/1.0" 200 5721
68.142.251.173 - - [19/Aug/2005:02:12:24 -0400] "GET /~rkharal/temp_cgwin/ftp%253a%252f%252fmirrors.rcn.net%252fpub%252fsourceware%252fcygwin/release/gcc/gcc-gpc?N=A HTTP/1.0" 301 432
68.142.251.173 - - [19/Aug/2005:02:12:24 -0400] "GET /~rkharal/temp_cgwin/ftp%253a%252f%252fmirrors.rcn.net%252fpub%252fsourceware%252fcygwin/release/gcc/gcc-gpc/?N=A HTTP/1.0" 200 975
207.68.146.68 - - [19/Aug/2005:02:12:26 -0400] "GET /robots.txt HTTP/1.0" 200 176
207.68.146.68 - - [19/Aug/2005:02:12:26 -0400] "GET /conferences/networking2005/coming/logistics.html HTTP/1.0" 200 8408
66.249.64.44 - - [19/Aug/2005:02:12:31 -0400] "GET /undergrad/courses/cDescr/CS492.shtml HTTP/1.0" 301 365
218.61.87.26 - - [19/Aug/2005:02:12:51 -0400] "GET /~s6zhang/jeancarlos.wmv HTTP/1.1" 206 16384
71.243.218.45 - - [19/Aug/2005:02:12:51 -0400] "GET /~mjhinek/pics/jokes/illusion.jpg HTTP/1.1" 200 47269
68.142.250.122 - - [19/Aug/2005:02:12:54 -0400] "GET /cs-archive/CS-1997/19?S=D HTTP/1.0" 301 346
68.142.250.122 - - [19/Aug/2005:02:12:54 -0400] "GET /cs-archive/CS-1997/19/?S=D HTTP/1.0" 200 1656
66.249.64.14 - - [19/Aug/2005:02:13:03 -0400] "GET /undergrad/courses/cDescr/CS488.shtml HTTP/1.0" 301 365
64.241.242.18 - - [19/Aug/2005:02:13:04 -0400] "GET /admin/curric/SE-Prog-040599.html HTTP/1.0" 200 6550
64.241.242.18 - - [19/Aug/2005:02:13:07 -0400] "GET /admin/curric/SE-Prog-040599.html HTTP/1.0" 200 6550
69.198.191.236 - - [19/Aug/2005:02:13:15 -0400] "GET /~jorchard/aerial/toronto.jpg HTTP/1.1" 200 261388
64.241.242.18 - - [19/Aug/2005:02:13:22 -0400] "GET /admin/curric/SE-Prog-040599.html HTTP/1.0" 200 6550
218.61.87.26 - - [19/Aug/2005:02:13:26 -0400] "GET /~s6zhang/jeancarlos.wmv HTTP/1.1" 206 106496
218.61.87.26 - - [19/Aug/2005:02:13:28 -0400] "GET /~s6zhang/jeancarlos.wmv HTTP/1.1" 206 73728
66.249.64.77 - - [19/Aug/2005:02:13:30 -0400] "GET /undergrad/courses/cDescr/CS486.shtml HTTP/1.0" 301 365
66.249.65.67 - - [19/Aug/2005:02:13:36 -0400] "GET /~zqu/canada/halloween/DSCF0027.JPG HTTP/1.1" 301 370
66.249.65.67 - - [19/Aug/2005:02:13:36 -0400] "GET /~l5xu/Album/Canada/19.jpg HTTP/1.1" 404 911
66.249.65.67 - - [19/Aug/2005:02:13:36 -0400] "GET /~zqu/canada/halloween/DSCF0027.JPG HTTP/1.1" 302 342
66.249.65.67 - - [19/Aug/2005:02:13:37 -0400] "GET /~zqu/canada/halloween/DSCF0027.JPG HTTP/1.1" 404 1032
218.61.87.26 - - [19/Aug/2005:02:13:45 -0400] "GET /~s6zhang/jeancarlos.wmv HTTP/1.1" 206 19080
209.237.238.173 - - [19/Aug/2005:02:13:55 -0400] "GET /~jorchard/albums/trip_to_bc/slides/IMG_3913.html HTTP/1.0" 200 2151
66.249.65.67 - - [19/Aug/2005:02:13:56 -0400] "GET /~klarson/images/Hawaii_May_2003/Big_Island/tn/img_0907.jpg HTTP/1.1" 200 7224
66.249.65.67 - - [19/Aug/2005:02:13:56 -0400] "GET /~hzarrabi/albums/mahya2m/Mahya_014.jpg HTTP/1.1" 200 74917
218.61.87.26 - - [19/Aug/2005:02:13:57 -0400] "GET /~s6zhang/jeancarlos.wmv HTTP/1.1" 206 81920
66.249.65.67 - - [19/Aug/2005:02:13:58 -0400] "GET /~rradoulov/images/img_paw.gif HTTP/1.1" 302 336
66.249.65.67 - - [19/Aug/2005:02:13:58 -0400] "GET /~camennie/Vacation/Rome/cimg0216.jpg HTTP/1.1" 404 1036
66.249.65.67 - - [19/Aug/2005:02:13:58 -0400] "GET /~rradoulo/images/img_paw.gif HTTP/1.1" 200 174
66.249.65.67 - - [19/Aug/2005:02:14:05 -0400] "GET /~klarson/images/Hawaii_May_2003/Napali_Coast/tn/img_0802.med.jpg HTTP/1.1" 200 86013
66.249.65.67 - - [19/Aug/2005:02:14:05 -0400] "GET /~l5xu/Album/Canada/thumbs/17.jpg HTTP/1.1" 404 918
66.249.71.3 - - [19/Aug/2005:02:14:06 -0400] "GET /cscf/howto HTTP/1.0" 301 331
66.249.64.4 - - [19/Aug/2005:02:14:13 -0400] "GET /~shallit/links.html HTTP/1.0" 200 10691
66.249.64.39 - - [19/Aug/2005:02:14:18 -0400] "GET /~jorchard/albums/Tan_Josh/slides/IMG_1445.html HTTP/1.0" 200 2129
218.61.87.26 - - [19/Aug/2005:02:14:25 -0400] "GET /~s6zhang/jeancarlos.wmv HTTP/1.1" 206 49152
68.78.98.65 - - [19/Aug/2005:02:14:29 -0400] "GET /~mjhinek/pics/jokes/illusion.jpg HTTP/1.1" 200 47269
218.61.87.26 - - [19/Aug/2005:02:14:35 -0400] "GET /~s6zhang/jeancarlos.wmv HTTP/1.1" 206 278528
218.61.87.26 - - [19/Aug/2005:02:14:41 -0400] "GET /~s6zhang/jeancarlos.wmv HTTP/1.1" 206 16384
218.61.87.26 - - [19/Aug/2005:02:14:46 -0400] "GET /~s6zhang/jeancarlos.wmv HTTP/1.1" 206 204800
218.61.87.26 - - [19/Aug/2005:02:14:51 -0400] "GET /~s6zhang/jeancarlos.wmv HTTP/1.1" 206 40960
218.61.87.26 - - [19/Aug/2005:02:15:07 -0400] "GET /~s6zhang/jeancarlos.wmv HTTP/1.1" 206 57344
68.142.250.133 - - [19/Aug/2005:02:15:09 -0400] "GET /~klarson/images/Hawaii_May_2003/Big_Island/tn/img_0883.jpg.html HTTP/1.0" 200 3469
218.61.87.26 - - [19/Aug/2005:02:15:11 -0400] "GET /~s6zhang/jeancarlos.wmv HTTP/1.1" 206 16384
222.136.166.106 - - [19/Aug/2005:02:15:16 -0400] "GET /~s6zhang/jeancarlos.wmv HTTP/1.1" 206 425984
61.247.252.120 - - [19/Aug/2005:02:15:47 -0400] "GET /~tmjvasig/cs125/course_notes/01.log HTTP/1.1" 200 6300
66.249.65.67 - - [19/Aug/2005:02:16:02 -0400] "GET /~zqu/cuba/thumbnails/DSCF0158_small.jpg HTTP/1.1" 301 375
66.249.65.67 - - [19/Aug/2005:02:16:03 -0400] "GET /~cgaspar/161_6105.JPG HTTP/1.1" 404 907
66.249.65.67 - - [19/Aug/2005:02:16:03 -0400] "GET /~zqu/cuba/thumbnails/DSCF0158_small.jpg HTTP/1.1" 302 347
66.249.65.67 - - [19/Aug/2005:02:16:03 -0400] "GET /~zqu/cuba/thumbnails/DSCF0158_small.jpg HTTP/1.1" 404 1042
66.249.65.67 - - [19/Aug/2005:02:16:16 -0400] "GET /~camennie/Vacation/Amsterdam/small/sm-cimg0350.jpg HTTP/1.1" 404 1064
66.249.65.67 - - [19/Aug/2005:02:16:17 -0400] "GET /~klarson/images/Hawaii_May_2003/Napali_Coast/tn/img_0800.med.jpg HTTP/1.1" 200 94398
66.249.65.67 - - [19/Aug/2005:02:16:18 -0400] "GET /~camennie/Vacation/Amsterdam/cimg0357.jpg HTTP/1.1" 404 1046
66.249.65.67 - - [19/Aug/2005:02:16:19 -0400] "GET /snaps/small/geddes.jpg HTTP/1.1" 200 5781
66.249.64.14 - - [19/Aug/2005:02:16:25 -0400] "GET /~shallit/Courses/134/history.html HTTP/1.0" 304 -
129.97.152.134 - - [19/Aug/2005:02:16:28 -0400] "GET /~odyssey/odyssey.jar HTTP/1.1" 200 532057
66.249.65.67 - - [19/Aug/2005:02:16:28 -0400] "GET /~klarson/images/Hawaii_May_2003/Napali_Coast/tn/img_0859.jpg HTTP/1.1" 200 11378
66.249.65.67 - - [19/Aug/2005:02:16:28 -0400] "GET /~klarson/images/Hawaii_May_2003/Big_Island/img_0871.jpg HTTP/1.1" 200 571267
165.93.137.203 - - [19/Aug/2005:02:16:29 -0400] "GET / HTTP/1.1" 200 7094
66.249.65.67 - - [19/Aug/2005:02:16:31 -0400] "GET /snaps/small/buhr.jpg HTTP/1.1" 200 5035
66.249.65.67 - - [19/Aug/2005:02:16:31 -0400] "GET /~klarson/images/Hawaii_May_2003/Big_Island/tn/img_0967.jpg HTTP/1.1" 200 9496
